fertig: chef 320px
fertig: chef 390px
fertig: chef 430px
fertig: mitarbeiter 320px
fertig: mitarbeiter 390px
fertig: mitarbeiter 430px

=== ECHT SCHIEBBAR (124) ===
  ✗ chef 320px home → nav#mobnav.mobnav (+142px, overflow-x:auto)
  ✗ chef 320px ich → div#ichTabs.pm-tabs (+26px, overflow-x:auto)
  ✗ chef 320px ich → nav#mobnav.mobnav (+142px, overflow-x:auto)
  ✗ chef 320px chat → nav#subnav.subnav (+6px, overflow-x:auto)
  ✗ chef 320px chat → div#chatChannels.chat-channels (+1174px, overflow-x:auto)
  ✗ chef 320px chat → nav#mobnav.mobnav (+142px, overflow-x:auto)
  ✗ chef 320px dm → nav#subnav.subnav (+6px, overflow-x:auto)
  ✗ chef 320px dm → nav#mobnav.mobnav (+142px, overflow-x:auto)
  ✗ chef 320px ann → nav#subnav.subnav (+6px, overflow-x:auto)
  ✗ chef 320px ann → nav#mobnav.mobnav (+142px, overflow-x:auto)
  ✗ chef 320px todos → nav#subnav.subnav (+520px, overflow-x:auto)
  ✗ chef 320px todos → div.chip-row (+411px, overflow-x:auto)
  ✗ chef 320px todos → nav#mobnav.mobnav (+142px, overflow-x:auto)
  ✗ chef 320px putzplan → nav#subnav.subnav (+520px, overflow-x:auto)
  ✗ chef 320px putzplan → nav#mobnav.mobnav (+142px, overflow-x:auto)
  ✗ chef 320px material → nav#subnav.subnav (+520px, overflow-x:auto)
  ✗ chef 320px material → nav#mobnav.mobnav (+142px, overflow-x:auto)
  ✗ chef 320px geraete → nav#subnav.subnav (+520px, overflow-x:auto)
  ✗ chef 320px geraete → nav#mobnav.mobnav (+142px, overflow-x:auto)
  ✗ chef 320px probe → nav#subnav.subnav (+520px, overflow-x:auto)
  ✗ chef 320px probe → nav#mobnav.mobnav (+142px, overflow-x:auto)
  ✗ chef 320px docs → nav#subnav.subnav (+520px, overflow-x:auto)
  ✗ chef 320px docs → div#docCatRow.chip-row (+238px, overflow-x:auto)
  ✗ chef 320px docs → div#docSort.sort-row (+229px, overflow-x:auto)
  ✗ chef 320px docs → nav#mobnav.mobnav (+142px, overflow-x:auto)
  ✗ chef 320px team → div#teamTabs.pm-tabs (+37px, overflow-x:auto)
  ✗ chef 320px team → nav#mobnav.mobnav (+142px, overflow-x:auto)
  ✗ chef 320px chef → nav#mobnav.mobnav (+142px, overflow-x:auto)
  ✗ chef 320px archive → nav#mobnav.mobnav (+142px, overflow-x:auto)
  ✗ chef 390px home → nav#mobnav.mobnav (+72px, overflow-x:auto)
  ✗ chef 390px ich → nav#mobnav.mobnav (+72px, overflow-x:auto)
  ✗ chef 390px chat → div#chatChannels.chat-channels (+1107px, overflow-x:auto)
  ✗ chef 390px chat → nav#mobnav.mobnav (+72px, overflow-x:auto)
  ✗ chef 390px dm → nav#mobnav.mobnav (+72px, overflow-x:auto)
  ✗ chef 390px ann → nav#mobnav.mobnav (+72px, overflow-x:auto)
  ✗ chef 390px todos → nav#subnav.subnav (+453px, overflow-x:auto)
  ✗ chef 390px todos → div.chip-row (+344px, overflow-x:auto)
  ✗ chef 390px todos → nav#mobnav.mobnav (+72px, overflow-x:auto)
  ✗ chef 390px putzplan → nav#subnav.subnav (+453px, overflow-x:auto)
  ✗ chef 390px putzplan → nav#mobnav.mobnav (+72px, overflow-x:auto)
  ✗ chef 390px material → nav#subnav.subnav (+453px, overflow-x:auto)
  ✗ chef 390px material → nav#mobnav.mobnav (+72px, overflow-x:auto)
  ✗ chef 390px geraete → nav#subnav.subnav (+453px, overflow-x:auto)
  ✗ chef 390px geraete → nav#mobnav.mobnav (+72px, overflow-x:auto)
  ✗ chef 390px probe → nav#subnav.subnav (+453px, overflow-x:auto)
  ✗ chef 390px probe → nav#mobnav.mobnav (+72px, overflow-x:auto)
  ✗ chef 390px docs → nav#subnav.subnav (+453px, overflow-x:auto)
  ✗ chef 390px docs → div#docCatRow.chip-row (+171px, overflow-x:auto)
  ✗ chef 390px docs → div#docSort.sort-row (+162px, overflow-x:auto)
  ✗ chef 390px docs → nav#mobnav.mobnav (+72px, overflow-x:auto)
  ✗ chef 390px team → nav#mobnav.mobnav (+72px, overflow-x:auto)
  ✗ chef 390px chef → nav#mobnav.mobnav (+72px, overflow-x:auto)
  ✗ chef 390px archive → nav#mobnav.mobnav (+72px, overflow-x:auto)
  ✗ chef 430px home → nav#mobnav.mobnav (+32px, overflow-x:auto)
  ✗ chef 430px ich → nav#mobnav.mobnav (+32px, overflow-x:auto)
  ✗ chef 430px chat → div#chatChannels.chat-channels (+1071px, overflow-x:auto)
  ✗ chef 430px chat → nav#mobnav.mobnav (+32px, overflow-x:auto)
  ✗ chef 430px dm → nav#mobnav.mobnav (+32px, overflow-x:auto)
  ✗ chef 430px ann → nav#mobnav.mobnav (+32px, overflow-x:auto)
  ✗ chef 430px todos → nav#subnav.subnav (+416px, overflow-x:auto)
  ✗ chef 430px todos → div.chip-row (+307px, overflow-x:auto)
  ✗ chef 430px todos → nav#mobnav.mobnav (+32px, overflow-x:auto)
  ✗ chef 430px putzplan → nav#subnav.subnav (+416px, overflow-x:auto)
  ✗ chef 430px putzplan → nav#mobnav.mobnav (+32px, overflow-x:auto)
  ✗ chef 430px material → nav#subnav.subnav (+416px, overflow-x:auto)
  ✗ chef 430px material → nav#mobnav.mobnav (+32px, overflow-x:auto)
  ✗ chef 430px geraete → nav#subnav.subnav (+416px, overflow-x:auto)
  ✗ chef 430px geraete → nav#mobnav.mobnav (+32px, overflow-x:auto)
  ✗ chef 430px probe → nav#subnav.subnav (+416px, overflow-x:auto)
  ✗ chef 430px probe → nav#mobnav.mobnav (+32px, overflow-x:auto)
  ✗ chef 430px docs → nav#subnav.subnav (+416px, overflow-x:auto)
  ✗ chef 430px docs → div#docCatRow.chip-row (+134px, overflow-x:auto)
  ✗ chef 430px docs → div#docSort.sort-row (+125px, overflow-x:auto)
  ✗ chef 430px docs → nav#mobnav.mobnav (+32px, overflow-x:auto)
  ✗ chef 430px team → nav#mobnav.mobnav (+32px, overflow-x:auto)
  ✗ chef 430px chef → nav#mobnav.mobnav (+32px, overflow-x:auto)
  ✗ chef 430px archive → nav#mobnav.mobnav (+32px, overflow-x:auto)
  ✗ mitarbeiter 320px home → nav#mobnav.mobnav (+58px, overflow-x:auto)
  ✗ mitarbeiter 320px ich → div#ichTabs.pm-tabs (+26px, overflow-x:auto)
  ✗ mitarbeiter 320px ich → nav#mobnav.mobnav (+58px, overflow-x:auto)
  ✗ mitarbeiter 320px chat → nav#subnav.subnav (+6px, overflow-x:auto)
  ✗ mitarbeiter 320px chat → nav#mobnav.mobnav (+58px, overflow-x:auto)
  ✗ mitarbeiter 320px dm → nav#subnav.subnav (+6px, overflow-x:auto)
  ✗ mitarbeiter 320px dm → nav#mobnav.mobnav (+58px, overflow-x:auto)
  ✗ mitarbeiter 320px ann → nav#subnav.subnav (+6px, overflow-x:auto)
  ✗ mitarbeiter 320px ann → nav#mobnav.mobnav (+58px, overflow-x:auto)
  ✗ mitarbeiter 320px todos → nav#subnav.subnav (+520px, overflow-x:auto)
  ✗ mitarbeiter 320px todos → div.chip-row (+411px, overflow-x:auto)
  ✗ mitarbeiter 320px todos → nav#mobnav.mobnav (+58px, overflow-x:auto)
  ✗ mitarbeiter 320px putzplan → nav#subnav.subnav (+520px, overflow-x:auto)
  ✗ mitarbeiter 320px putzplan → nav#mobnav.mobnav (+58px, overflow-x:auto)
  ✗ mitarbeiter 320px material → nav#subnav.subnav (+520px, overflow-x:auto)
  ✗ mitarbeiter 320px material → nav#mobnav.mobnav (+58px, overflow-x:auto)
  ✗ mitarbeiter 320px geraete → nav#subnav.subnav (+520px, overflow-x:auto)
  ✗ mitarbeiter 320px geraete → div#devSort.sort-row (+361px, overflow-x:auto)
  ✗ mitarbeiter 320px geraete → nav#mobnav.mobnav (+58px, overflow-x:auto)
  ✗ mitarbeiter 320px probe → nav#subnav.subnav (+520px, overflow-x:auto)
  ✗ mitarbeiter 320px probe → nav#mobnav.mobnav (+58px, overflow-x:auto)
  ✗ mitarbeiter 320px docs → nav#subnav.subnav (+520px, overflow-x:auto)
  ✗ mitarbeiter 320px docs → div#docCatRow.chip-row (+238px, overflow-x:auto)
  ✗ mitarbeiter 320px docs → div#docSort.sort-row (+229px, overflow-x:auto)
  ✗ mitarbeiter 320px docs → nav#mobnav.mobnav (+58px, overflow-x:auto)
  ✗ mitarbeiter 320px team → div#teamTabs.pm-tabs (+37px, overflow-x:auto)
  ✗ mitarbeiter 320px team → nav#mobnav.mobnav (+58px, overflow-x:auto)
  ✗ mitarbeiter 390px todos → nav#subnav.subnav (+453px, overflow-x:auto)
  ✗ mitarbeiter 390px todos → div.chip-row (+344px, overflow-x:auto)
  ✗ mitarbeiter 390px putzplan → nav#subnav.subnav (+453px, overflow-x:auto)
  ✗ mitarbeiter 390px material → nav#subnav.subnav (+453px, overflow-x:auto)
  ✗ mitarbeiter 390px geraete → nav#subnav.subnav (+453px, overflow-x:auto)
  ✗ mitarbeiter 390px geraete → div#devSort.sort-row (+294px, overflow-x:auto)
  ✗ mitarbeiter 390px probe → nav#subnav.subnav (+453px, overflow-x:auto)
  ✗ mitarbeiter 390px docs → nav#subnav.subnav (+453px, overflow-x:auto)
  ✗ mitarbeiter 390px docs → div#docCatRow.chip-row (+171px, overflow-x:auto)
  ✗ mitarbeiter 390px docs → div#docSort.sort-row (+162px, overflow-x:auto)
  ✗ mitarbeiter 430px todos → nav#subnav.subnav (+416px, overflow-x:auto)
  ✗ mitarbeiter 430px todos → div.chip-row (+307px, overflow-x:auto)
  ✗ mitarbeiter 430px putzplan → nav#subnav.subnav (+416px, overflow-x:auto)
  ✗ mitarbeiter 430px material → nav#subnav.subnav (+416px, overflow-x:auto)
  ✗ mitarbeiter 430px geraete → nav#subnav.subnav (+416px, overflow-x:auto)
  ✗ mitarbeiter 430px geraete → div#devSort.sort-row (+257px, overflow-x:auto)
  ✗ mitarbeiter 430px probe → nav#subnav.subnav (+416px, overflow-x:auto)
  ✗ mitarbeiter 430px docs → nav#subnav.subnav (+416px, overflow-x:auto)
  ✗ mitarbeiter 430px docs → div#docCatRow.chip-row (+134px, overflow-x:auto)
  ✗ mitarbeiter 430px docs → div#docSort.sort-row (+125px, overflow-x:auto)

=== nur abgeschnitten, nicht schiebbar (16) ===
  · home@320 span.ab-t +168
  · home@320 span.ab-t +19
  · home@320 span.ab-t +52
  · chat@320 span#pinText.pin-txt +94
  · chat@320 span +104
  · putzplan@320 div.fold-body +2
  · material@320 span +5
  · probe@320 span.pb-name +25
  · probe@320 span.pb-name +15
  · home@390 span.ab-t +101
  · chat@390 span#pinText.pin-txt +24
  · chat@390 span +51
  · home@430 span.ab-t +64
  · chat@430 span +21
  · home@320 span.ab-t +44
  · chat@320 span#pinText.pin-txt +60
